// Jest Snapshot v1, https://goo.gl/fbAQLP

exports[`MovieHolder should match the snapshot with all data passed in correctly 1`] = `
<ContextConsumer>
  <Component />
</ContextConsumer>
`;
