// Jest Snapshot v1, https://goo.gl/fbAQLP

exports[`PageNotFound should match the snapshot with all data passed in correctly 1`] = `
<div>
  <h1>
    Page not Found
  </h1>
</div>
`;
